Домашняя работа №3

#LVM - начало работы 

[vagrant@lvm ~]$ sudo su
[root@lvm vagrant]# df -h
Filesystem                       Size  Used Avail Use% Mounted on
/dev/mapper/VolGroup00-LogVol00   38G  729M   37G   2% /
devtmpfs                         109M     0  109M   0% /dev
tmpfs                            118M     0  118M   0% /dev/shm
tmpfs                            118M  4.5M  114M   4% /run
tmpfs                            118M     0  118M   0% /sys/fs/cgroup
/dev/sda2                       1014M   63M  952M   7% /boot
tmpfs                             24M     0   24M   0% /run/user/1000
[root@lvm vagrant]# lsblk
NAME                    MAJ:MIN RM  SIZE RO TYPE MOUNTPOINT
sda                       8:0    0   40G  0 disk
sda1                    8:1    0    1M  0 part
sda2                    8:2    0    1G  0 part /boot
sda3                    8:3    0   39G  0 part
  VolGroup00-LogVol00 253:0    0 37.5G  0 lvm  /
  VolGroup00-LogVol01 253:1    0  1.5G  0 lvm  [SWAP]
sdb                       8:16   0   10G  0 disk
sdc                       8:32   0    2G  0 disk
sdd                       8:48   0    1G  0 disk
sde                       8:64   0    1G  0 disk
[root@lvm vagrant]# lvmdiskscan
  /dev/VolGroup00/LogVol00 [     <37.47 GiB]
  /dev/VolGroup00/LogVol01 [       1.50 GiB]
  /dev/sda2                [       1.00 GiB]
  /dev/sda3                [     <39.00 GiB] LVM physical volume
  /dev/sdb                 [      10.00 GiB]
  /dev/sdc                 [       2.00 GiB]
  /dev/sdd                 [       1.00 GiB]
  /dev/sde                 [       1.00 GiB]
  4 disks
  3 partitions
  0 LVM physical volume whole disks
  1 LVM physical volume
[root@lvm vagrant]# pvcreate /dev/sdb
  Physical volume "/dev/sdb" successfully created.
[root@lvm vagrant]# vgcreate otus /dev/sdb
  Volume group "otus" successfully created
[root@lvm vagrant]# lvcreate -l+80%FREE -n test otus
  Logical volume "test" created.
[root@lvm vagrant]# vgdisplay otus
  --- Volume group ---
  VG Name               otus
  System ID
  Format                lvm2
  Metadata Areas        1
  Metadata Sequence No  2
  VG Access             read/write
  VG Status             resizable
  MAX LV                0
  Cur LV                1
  Open LV               0
  Max PV                0
  Cur PV                1
  Act PV                1
  VG Size               <10.00 GiB
  PE Size               4.00 MiB
  Total PE              2559
  Alloc PE / Size       2047 / <8.00 GiB
  Free  PE / Size       512 / 2.00 GiB
  VG UUID               RHFnkO-AeSp-ZL7Z-jSTh-biuc-vnVb-37atav

[root@lvm vagrant]# vgdisplay -v otus | grep PV
  PV Name               /dev/sdb
[root@lvm vagrant]#  lvdisplay /dev/otus/test
  --- Logical volume ---
  LV Path                /dev/otus/test
  LV Name                test
  VG Name                otus
  LV UUID                lrxZQm-W215-AU5n-jWDK-iEjU-96xn-GSHp9Y
  LV Write Access        read/write
  LV Creation host, time lvm, 2019-10-03 17:33:38 +0000
  LV Status              available
  # open                 0
  LV Size                <8.00 GiB
  Current LE             2047
  Segments               1
  Allocation             inherit
  Read ahead sectors     auto
  - currently set to     8192
  Block device           253:2
[root@lvm vagrant]# vgs
  VG         #PV #LV #SN Attr   VSize   VFree
  VolGroup00   1   2   0 wz--n- <38.97g    0
  otus         1   1   0 wz--n- <10.00g 2.00g
[root@lvm vagrant]# lvs
  LV       VG         Attr       LSize   Pool Origin Data%  Meta%  Move Log Cpy%Sync Convert
  LogVol00 VolGroup00 -wi-ao---- <37.47g
  LogVol01 VolGroup00 -wi-ao----   1.50g
  test     otus       -wi-a-----  <8.00g  
[root@lvm vagrant]# mkfs.ext4 /dev/otus/test
mke2fs 1.42.9 (28-Dec-2013)
Filesystem label=
OS type: Linux
Block size=4096 (log=2)
Fragment size=4096 (log=2)
Stride=0 blocks, Stripe width=0 blocks
524288 inodes, 2096128 blocks
104806 blocks (5.00%) reserved for the super user
First data block=0
Maximum filesystem blocks=2147483648
64 block groups
32768 blocks per group, 32768 fragments per group
8192 inodes per group
Superblock backups stored on blocks:
        32768, 98304, 163840, 229376, 294912, 819200, 884736, 1605632

Allocating group tables: done
Writing inode tables: done
Creating journal (32768 blocks): done
Writing superblocks and filesystem accounting information: done

[root@lvm vagrant]# mkdir /data
[root@lvm vagrant]# mount /dev/otus/test /data/
[root@lvm vagrant]#  mount | grep /data
/dev/mapper/otus-test on /data type ext4 (rw,relatime,seclabel,data=ordered)

# LVM Resizing

[root@lvm vagrant]#  pvcreate /dev/sdc
  Physical volume "/dev/sdc" successfully created.
[root@lvm vagrant]#  vgextend otus /dev/sdc
  Volume group "otus" successfully extended
[root@lvm vagrant]# vgdisplay -v otus | grep 'PV Name'
  PV Name               /dev/sdb
  PV Name               /dev/sdc
[root@lvm vagrant]# vgdisplay -v otus | grep 'PV Name'
  PV Name               /dev/sdb
  PV Name               /dev/sdc
[root@lvm vagrant]# vgs
  VG         #PV #LV #SN Attr   VSize   VFree
  VolGroup00   1   2   0 wz--n- <38.97g     0
  otus         2   2   0 wz--n-  11.99g <3.90g
[root@lvm vagrant]# dd if=/dev/zero of=/data/test.log bs=1M count=8000 status=progress
8208252928 bytes (8.2 GB) copied, 45.206319 s, 182 MB/s
dd: error writing /data/test.log: No space left on device
7880+0 records in
7879+0 records out
8262189056 bytes (8.3 GB) copied, 45.4963 s, 182 MB/s
[root@lvm vagrant]# df -Th /data/
Filesystem            Type  Size  Used Avail Use% Mounted on
/dev/mapper/otus-test ext4  7.8G  7.8G     0 100% /data
[root@lvm vagrant]#  lvextend -l+80%FREE /dev/otus/test
  Size of logical volume otus/test changed from <8.00 GiB (2047 extents) to <11.12 GiB (2846 extents).
  Logical volume otus/test successfully resized.
[root@lvm vagrant]#  lvs /dev/otus/test
  LV   VG   Attr       LSize   Pool Origin Data%  Meta%  Move Log Cpy%Sync Convert
  test otus -wi-ao---- <11.12g
[root@lvm vagrant]#  df -Th /data
Filesystem            Type  Size  Used Avail Use% Mounted on
/dev/mapper/otus-test ext4  7.8G  7.8G     0 100% /data
[root@lvm vagrant]#  resize2fs /dev/otus/test
resize2fs 1.42.9 (28-Dec-2013)
Filesystem at /dev/otus/test is mounted on /data; on-line resizing required
old_desc_blocks = 1, new_desc_blocks = 2
The filesystem on /dev/otus/test is now 2914304 blocks long.
[root@lvm vagrant]# df -Th /data
Filesystem            Type  Size  Used Avail Use% Mounted on
/dev/mapper/otus-test ext4   11G  7.8G  2.6G  76% /data
[root@lvm vagrant]# umount /data/
[root@lvm vagrant]# e2fsck -fy /dev/otus/test
e2fsck 1.42.9 (28-Dec-2013)
Pass 1: Checking inodes, blocks, and sizes
Pass 2: Checking directory structure
Pass 3: Checking directory connectivity
Pass 4: Checking reference counts
Pass 5: Checking group summary information
/dev/otus/test: 12/729088 files (0.0% non-contiguous), 2105907/2914304 blocks
[root@lvm vagrant]#  resize2fs /dev/otus/test 10G
resize2fs 1.42.9 (28-Dec-2013)
Resizing the filesystem on /dev/otus/test to 2621440 (4k) blocks.
The filesystem on /dev/otus/test is now 2621440 blocks long.
[root@lvm vagrant]#  lvreduce /dev/otus/test -L 10G
  WARNING: Reducing active logical volume to 10.00 GiB.
  THIS MAY DESTROY YOUR DATA (filesystem etc.)
Do you really want to reduce otus/test? [y/n]: y
  Size of logical volume otus/test changed from <11.12 GiB (2846 extents) to 10.00 GiB (2560 extents).
  Logical volume otus/test successfully resized.
[root@lvm vagrant]# mount /dev/otus/test /data/
[root@lvm vagrant]#  df -Th /data/
Filesystem            Type  Size  Used Avail Use% Mounted on
/dev/mapper/otus-test ext4  9.8G  7.8G  1.6G  84% /data
[root@lvm vagrant]#  lvs /dev/otus/test
  LV   VG   Attr       LSize  Pool Origin Data%  Meta%  Move Log Cpy%Sync Convert
  test otus -wi-ao---- 10.00g
  
#LVM Snapshot

[root@lvm vagrant]#  lvcreate -L 500M -s -n test-snap /dev/otus/test
  Logical volume "test-snap" created.
[root@lvm vagrant]#  sudo vgs -o +lv_size,lv_name | grep test
  otus         2   3   1 wz--n-  11.99g <1.41g  10.00g test
  otus         2   3   1 wz--n-  11.99g <1.41g 500.00m test-snap
[root@lvm vagrant]# lsblk
NAME                    MAJ:MIN RM  SIZE RO TYPE MOUNTPOINT
sda                       8:0    0   40G  0 disk
sda1                    8:1    0    1M  0 part
sda2                    8:2    0    1G  0 part /boot
sda3                    8:3    0   39G  0 part
  VolGroup00-LogVol00 253:0    0 37.5G  0 lvm  /
  VolGroup00-LogVol01 253:1    0  1.5G  0 lvm  [SWAP]
sdb                       8:16   0   10G  0 disk
otus-small            253:3    0  100M  0 lvm
otus-test-real        253:4    0   10G  0 lvm
  otus-test           253:2    0   10G  0 lvm  /data
  otus-test--snap     253:6    0   10G  0 lvm
sdc                       8:32   0    2G  0 disk
otus-test-real        253:4    0   10G  0 lvm
 otus-test           253:2    0   10G  0 lvm  /data
 otus-test--snap     253:6    0   10G  0 lvm
otus-test--snap-cow   253:5    0  500M  0 lvm
  otus-test--snap     253:6    0   10G  0 lvm
sdd                       8:48   0    1G  0 disk
sde                       8:64   0    1G  0 disk
[root@lvm vagrant]# mkdir /data-snap
[root@lvm vagrant]# mount /dev/otus/test-snap /data-snap/
[root@lvm vagrant]#  ll /data-snap/
total 8068564
drwx------. 2 root root      16384 Oct  3 17:39 lost+found
-rw-r--r--. 1 root root 8262189056 Oct  3 17:47 test.log
[root@lvm vagrant]# unmount /data-snap
bash: unmount: command not found
[root@lvm vagrant]# umount /data-snap
[root@lvm vagrant]# cd /data
[root@lvm data]#  rm test.log
rm: remove regular file test.log? y
[root@lvm data]#  umount /data
umount: /data: target is busy.
        (In some cases useful info about processes that use
         the device is found by lsof(8) or fuser(1))
[root@lvm data]# cd
[root@lvm ~]#  umount /data
[root@lvm ~]#  lvconvert --merge /dev/otus/test-snap
  Merging of volume otus/test-snap started.
  otus/test: Merged: 100.00%
[root@lvm ~]# mount /dev/otus/test /data
[root@lvm ~]# ll /data
total 8068564
drwx------. 2 root root      16384 Oct  3 17:39 lost+found
-rw-r--r--. 1 root root 8262189056 Oct  3 17:47 test.log

#LVM Mirroring

[root@lvm ~]#  pvcreate /dev/sd{d,e}
  Physical volume "/dev/sdd" successfully created.
  Physical volume "/dev/sde" successfully created.
[root@lvm ~]# vgcreate vg0 /dev/sd{d,e}
  Volume group "vg0" successfully created
[root@lvm ~]#  lvcreate -l+80%FREE -m1 -n mirror vg0
  Logical volume "mirror" created.
[root@lvm ~]# lvs
  LV       VG         Attr       LSize   Pool Origin Data%  Meta%  Move Log Cpy%Sync Convert
  LogVol00 VolGroup00 -wi-ao---- <37.47g
  LogVol01 VolGroup00 -wi-ao----   1.50g
  small    otus       -wi-a----- 100.00m
  test     otus       -wi-ao----  10.00g
  mirror   vg0        rwi-a-r--- 816.00m                                    93.86
  
# Home work

C:\repositories\otus-linux\hw-3>vagrant ssh
[vagrant@lvm ~]$ lsblk
NAME                    MAJ:MIN RM  SIZE RO TYPE MOUNTPOINT
sda                       8:0    0   40G  0 disk
sda1                    8:1    0    1M  0 part
sda2                    8:2    0    1G  0 part /boot
sda3                    8:3    0   39G  0 part
  VolGroup00-LogVol00 253:0    0 37.5G  0 lvm  /
  VolGroup00-LogVol01 253:1    0  1.5G  0 lvm  [SWAP]
sdb                       8:16   0   10G  0 disk
sdc                       8:32   0    2G  0 disk
sdd                       8:48   0    1G  0 disk
sde                       8:64   0    1G  0 disk
[vagrant@lvm ~]$ pvcreate /dev/sdb
  WARNING: Running as a non-root user. Functionality may be unavailable.
  /run/lvm/lvmetad.socket: access failed: Permission denied
  WARNING: Failed to connect to lvmetad. Falling back to device scanning.
  /run/lock/lvm/P_orphans:aux: open failed: Permission denied
  Can't get lock for orphan PVs.
[vagrant@lvm ~]$ sudo su
[root@lvm vagrant]# pvcreate /dev/sdb
  Physical volume "/dev/sdb" successfully created.
[root@lvm vagrant]# pvcreate /dev/sdb
  Physical volume "/dev/sdb" successfully created.
[root@lvm vagrant]# vgcreate vg_root /dev/sdb
  Volume group "vg_root" successfully created
[root@lvm vagrant]# lvcreate -n lv_root -l +100%FREE /dev/vg_root
  Logical volume "lv_root" created.
[root@lvm vagrant]# mkfs.xfs /dev/vg_root/lv_root
meta-data=/dev/vg_root/lv_root   isize=512    agcount=4, agsize=655104 blks
         =                       sectsz=512   attr=2, projid32bit=1
         =                       crc=1        finobt=0, sparse=0
data     =                       bsize=4096   blocks=2620416, imaxpct=25
         =                       sunit=0      swidth=0 blks
naming   =version 2              bsize=4096   ascii-ci=0 ftype=1
log      =internal log           bsize=4096   blocks=2560, version=2
         =                       sectsz=512   sunit=0 blks, lazy-count=1
realtime =none                   extsz=4096   blocks=0, rtextents=0
[root@lvm vagrant]# mount /dev/vg_root/lv_root /mnt
[root@lvm vagrant]# yum install xfsdump -y
Loaded plugins: fastestmirror
Loading mirror speeds from cached hostfile
 * base: mirror.docker.ru
 * extras: mirror.logol.ru
 * updates: mirror.logol.ru
Resolving Dependencies
--> Running transaction check
---> Package xfsdump.x86_64 0:3.1.7-1.el7 will be installed
--> Processing Dependency: attr >= 2.0.0 for package: xfsdump-3.1.7-1.el7.x86_64
--> Running transaction check
---> Package attr.x86_64 0:2.4.46-13.el7 will be installed
--> Finished Dependency Resolution

Dependencies Resolved

=============================================================================================================================================================
 Package                              Arch                                Version                                    Repository                         Size
=============================================================================================================================================================
Installing:
 xfsdump                              x86_64                              3.1.7-1.el7                                base                              308 k
Installing for dependencies:
 attr                                 x86_64                              2.4.46-13.el7                              base                               66 k

Transaction Summary
=============================================================================================================================================================
Install  1 Package (+1 Dependent package)

Total download size: 374 k
Installed size: 1.1 M
Downloading packages:
(2/2): xfsdump-3.1.7-1.el7.x86_64.rpm                            0% [                                                      ]  0.0 B/s |    0 B  --:--:-- ETA (1/2): attr-2.4.46-13.el7.x86_64.rpm                                                                                                  |  66 kB  00:00:00     
(2/2): xfsdump-3.1.7-1.el7.x86_64.rpm                                                                                                 | 308 kB  00:00:00     
-------------------------------------------------------------------------------------------------------------------------------------------------------------
Total                                                                                                                        573 kB/s | 374 kB  00:00:00     
Running transaction check
Running transaction test
Transaction test succeeded
Running transaction
  Installing : attr-2.4.46-13.el7.x86_64                                                                                                                 1/2 
  Installing : xfsdump-3.1.7-1.el7.x86_64                                                                                                                2/2 
  Verifying  : attr-2.4.46-13.el7.x86_64                                                                                                                 1/2 
  Verifying  : xfsdump-3.1.7-1.el7.x86_64                                                                                                                2/2 

Installed:
  xfsdump.x86_64 0:3.1.7-1.el7                                                                                                                               

Dependency Installed:
  attr.x86_64 0:2.4.46-13.el7                                                                                                                                

Complete!

[root@lvm vagrant]# xfsdump -J - /dev/VolGroup00/LogVol00 | xfsrestore -J - /mnt
xfsrestore: using file dump (drive_simple) strategy
xfsrestore: version 3.1.7 (dump format 3.0)
xfsdump: using file dump (drive_simple) strategy
xfsdump: version 3.1.7 (dump format 3.0)
xfsdump: level 0 dump of lvm:/
xfsdump: dump date: Thu Oct  3 18:35:59 2019
xfsdump: session id: c53739a1-e11c-44c0-8e3e-c1fb86608ef8
xfsdump: session label: ""
xfsrestore: searching media for dump
xfsdump: ino map phase 1: constructing initial dump list
xfsdump: ino map phase 2: skipping (no pruning necessary)
xfsdump: ino map phase 3: skipping (only one dump stream)
xfsdump: ino map construction complete
xfsdump: estimated dump size: 726398464 bytes
xfsdump: creating dump session media file 0 (media 0, file 0)
xfsdump: dumping ino map
xfsdump: dumping directories
xfsrestore: examining media file 0
xfsrestore: dump description:
xfsrestore: hostname: lvm
xfsrestore: mount point: /
xfsrestore: volume: /dev/mapper/VolGroup00-LogVol00
xfsrestore: session time: Thu Oct  3 18:35:59 2019
xfsrestore: level: 0
xfsrestore: session label: ""
xfsrestore: media label: ""
xfsrestore: file system id: b60e9498-0baa-4d9f-90aa-069048217fee
xfsrestore: session id: c53739a1-e11c-44c0-8e3e-c1fb86608ef8
xfsrestore: media id: e6bd498e-3a25-493e-92eb-4ead898efcc4
xfsrestore: searching media for directory dump
xfsrestore: reading directories
xfsdump: dumping non-directory files
xfsrestore: 2698 directories and 23614 entries processed
xfsrestore: directory post-processing
xfsrestore: restoring non-directory files
xfsdump: ending media file
xfsdump: media file size 703454016 bytes
xfsdump: dump size (non-dir files) : 690292168 bytes
xfsdump: dump complete: 23 seconds elapsed
xfsdump: Dump Status: SUCCESS
xfsrestore: restore complete: 23 seconds elapsed
xfsrestore: Restore Status: SUCCESS
[root@lvm vagrant]# for i in /proc/ /sys/ /dev/ /run/ /boot/; do mount --bind $i /mnt/$i; done
[root@lvm vagrant]# ls /mnt/boot
config-3.10.0-862.2.3.el7.x86_64  grub   initramfs-3.10.0-862.2.3.el7.x86_64.img  System.map-3.10.0-862.2.3.el7.x86_64
efi                               grub2  symvers-3.10.0-862.2.3.el7.x86_64.gz     vmlinuz-3.10.0-862.2.3.el7.x86_64
[root@lvm vagrant]# chroot /mnt/
[root@lvm /]# grub2-mkconfig -o /boot/grub2/grub.cfg
Generating grub configuration file ...
Found linux image: /boot/vmlinuz-3.10.0-862.2.3.el7.x86_64
Found initrd image: /boot/initramfs-3.10.0-862.2.3.el7.x86_64.img
done
[root@lvm /]# cd /boot ; for i in `ls initramfs-*img`; do dracut -v $i `echo $i|sed "s/initramfs-//g; s/.img//g"` --force; done
Executing: /sbin/dracut -v initramfs-3.10.0-862.2.3.el7.x86_64.img 3.10.0-862.2.3.el7.x86_64 --force
dracut module 'busybox' will not be installed, because command 'busybox' could not be found!
dracut module 'crypt' will not be installed, because command 'cryptsetup' could not be found!
dracut module 'dmraid' will not be installed, because command 'dmraid' could not be found!
dracut module 'dmsquash-live-ntfs' will not be installed, because command 'ntfs-3g' could not be found!
dracut module 'multipath' will not be installed, because command 'multipath' could not be found!
dracut module 'busybox' will not be installed, because command 'busybox' could not be found!
dracut module 'crypt' will not be installed, because command 'cryptsetup' could not be found!
dracut module 'dmraid' will not be installed, because command 'dmraid' could not be found!
dracut module 'dmsquash-live-ntfs' will not be installed, because command 'ntfs-3g' could not be found!
dracut module 'multipath' will not be installed, because command 'multipath' could not be found!
*** Including module: bash ***
*** Including module: nss-softokn ***
*** Including module: i18n ***
*** Including module: drm ***
*** Including module: plymouth ***
*** Including module: dm ***
Skipping udev rule: 64-device-mapper.rules
Skipping udev rule: 60-persistent-storage-dm.rules
Skipping udev rule: 55-dm.rules
*** Including module: kernel-modules ***
Omitting driver floppy
*** Including module: lvm ***
Skipping udev rule: 64-device-mapper.rules
Skipping udev rule: 56-lvm.rules
Skipping udev rule: 60-persistent-storage-lvm.rules
*** Including module: qemu ***
*** Including module: resume ***
*** Including module: rootfs-block ***
*** Including module: terminfo ***
*** Including module: udev-rules ***
Skipping udev rule: 40-redhat-cpu-hotplug.rules
Skipping udev rule: 91-permissions.rules
*** Including module: biosdevname ***
*** Including module: systemd ***
*** Including module: usrmount ***
*** Including module: base ***
*** Including module: fs-lib ***
*** Including module: shutdown ***
*** Including modules done ***
*** Installing kernel module dependencies and firmware ***
*** Installing kernel module dependencies and firmware done ***
*** Resolving executable dependencies ***
*** Resolving executable dependencies done***
*** Hardlinking files ***
*** Hardlinking files done ***
*** Stripping files ***
*** Stripping files done ***
*** Generating early-microcode cpio image contents ***
*** No early-microcode cpio image needed ***
*** Store current command line parameters ***
*** Creating image file ***
*** Creating image file done ***
*** Creating initramfs image file '/boot/initramfs-3.10.0-862.2.3.el7.x86_64.img' done ***
[root@lvm boot]# vi /mnt/boot/grub2/grub.cfg
[root@lvm boot]# reboot
[root@lvm ~]#  lvremove /dev/VolGroup00/LogVol00
Do you really want to remove active logical volume VolGroup00/LogVol00? [y/n]: y
  Logical volume "LogVol00" successfully removed
[root@lvm ~]# lvcreate -n VolGroup00/LogVol00 -L 8G /dev/VolGroup00
WARNING: xfs signature detected on /dev/VolGroup00/LogVol00 at offset 0. Wipe it? [y/n]: y
  Wiping xfs signature on /dev/VolGroup00/LogVol00.
  Logical volume "LogVol00" created.
[root@lvm ~]# mkfs.xfs /dev/VolGroup00/LogVol00
meta-data=/dev/VolGroup00/LogVol00 isize=512    agcount=4, agsize=524288 blks
         =                       sectsz=512   attr=2, projid32bit=1
         =                       crc=1        finobt=0, sparse=0
data     =                       bsize=4096   blocks=2097152, imaxpct=25
         =                       sunit=0      swidth=0 blks
naming   =version 2              bsize=4096   ascii-ci=0 ftype=1
log      =internal log           bsize=4096   blocks=2560, version=2
         =                       sectsz=512   sunit=0 blks, lazy-count=1
realtime =none                   extsz=4096   blocks=0, rtextents=0
[root@lvm ~]# mount /dev/VolGroup00/LogVol00 /mnt
[root@lvm ~]# lsblk 
NAME                    MAJ:MIN RM  SIZE RO TYPE MOUNTPOINT
sda                       8:0    0   40G  0 disk 
sda1                    8:1    0    1M  0 part 
sda2                    8:2    0    1G  0 part /boot
sda3                    8:3    0   39G  0 part 
  VolGroup00-LogVol01 253:1    0  1.5G  0 lvm  [SWAP]
  VolGroup00-LogVol00 253:2    0    8G  0 lvm  /mnt
sdb                       8:16   0   10G  0 disk 
vg_root-lv_root       253:0    0   10G  0 lvm  /
sdc                       8:32   0    2G  0 disk 
sdd                       8:48   0    1G  0 disk 
sde                       8:64   0    1G  0 disk 
[root@lvm ~]# xfsdump -J - /dev/vg_root/lv_root | xfsrestore -J - /mnt
xfsrestore: using file dump (drive_simple) strategy
xfsrestore: version 3.1.7 (dump format 3.0)
xfsdump: using file dump (drive_simple) strategy
xfsdump: version 3.1.7 (dump format 3.0)
xfsdump: level 0 dump of lvm:/
xfsdump: dump date: Wed May 15 06:56:55 2019
xfsdump: session id: 89e9db1b-5513-408a-90e1-f7e1145a75f7
xfsdump: session label: ""
xfsrestore: searching media for dump
xfsdump: ino map phase 1: constructing initial dump list
xfsdump: ino map phase 2: skipping (no pruning necessary)
xfsdump: ino map phase 3: skipping (only one dump stream)
xfsdump: ino map construction complete
xfsdump: estimated dump size: 741901504 bytes
xfsdump: creating dump session media file 0 (media 0, file 0)
xfsdump: dumping ino map
xfsdump: dumping directories
xfsrestore: examining media file 0
xfsrestore: dump description: 
xfsrestore: hostname: lvm
xfsrestore: mount point: /
xfsrestore: volume: /dev/mapper/vg_root-lv_root
xfsrestore: session time: Wed May 15 06:56:55 2019
xfsrestore: level: 0
xfsrestore: session label: ""
xfsrestore: media label: ""
xfsrestore: file system id: 7bb1a444-5d22-4165-9446-1c3f0a3f3d02
xfsrestore: session id: 89e9db1b-5513-408a-90e1-f7e1145a75f7
xfsrestore: media id: 4c207606-0a36-4f6b-98cb-e52d0350ec41
xfsrestore: searching media for directory dump
xfsrestore: reading directories
xfsdump: dumping non-directory files
xfsrestore: 2701 directories and 23613 entries processed
xfsrestore: directory post-processing
xfsrestore: restoring non-directory files
xfsdump: ending media file
xfsdump: media file size 718510184 bytes
xfsdump: dump size (non-dir files) : 705348392 bytes
xfsdump: dump complete: 46 seconds elapsed
xfsdump: Dump Status: SUCCESS
xfsrestore: restore complete: 47 seconds elapsed
xfsrestore: Restore Status: SUCCESS
[root@lvm ~]#  for i in /proc/ /sys/ /dev/ /run/ /boot/; do mount --bind $i /mnt/$i; done
[root@lvm ~]#  chroot /mnt/
[root@lvm /]#  grub2-mkconfig -o /boot/grub2/grub.cfg
Generating grub configuration file ...
Found linux image: /boot/vmlinuz-3.10.0-862.2.3.el7.x86_64
Found initrd image: /boot/initramfs-3.10.0-862.2.3.el7.x86_64.img
done
[root@lvm /]# ls /mnt/boot
ls: cannot access /mnt/boot: No such file or directory
[root@lvm /]# cd /boot ; for i in `ls initramfs-*img`; do dracut -v $i `echo $i|sed "s/initramfs-//g; s/.img//g"` --force; done
Executing: /sbin/dracut -v initramfs-3.10.0-862.2.3.el7.x86_64.img 3.10.0-862.2.3.el7.x86_64 --force
dracut module 'busybox' will not be installed, because command 'busybox' could not be found!
dracut module 'crypt' will not be installed, because command 'cryptsetup' could not be found!
dracut module 'dmraid' will not be installed, because command 'dmraid' could not be found!
dracut module 'dmsquash-live-ntfs' will not be installed, because command 'ntfs-3g' could not be found!
dracut module 'multipath' will not be installed, because command 'multipath' could not be found!
dracut module 'busybox' will not be installed, because command 'busybox' could not be found!
dracut module 'crypt' will not be installed, because command 'cryptsetup' could not be found!
dracut module 'dmraid' will not be installed, because command 'dmraid' could not be found!
dracut module 'dmsquash-live-ntfs' will not be installed, because command 'ntfs-3g' could not be found!
dracut module 'multipath' will not be installed, because command 'multipath' could not be found!
*** Including module: bash ***
*** Including module: nss-softokn ***
*** Including module: i18n ***
*** Including module: drm ***
*** Including module: plymouth ***
*** Including module: dm ***
Skipping udev rule: 64-device-mapper.rules
Skipping udev rule: 60-persistent-storage-dm.rules
Skipping udev rule: 55-dm.rules
*** Including module: kernel-modules ***
Omitting driver floppy
*** Including module: lvm ***
Skipping udev rule: 64-device-mapper.rules
Skipping udev rule: 56-lvm.rules
Skipping udev rule: 60-persistent-storage-lvm.rules
*** Including module: qemu ***
*** Including module: resume ***
*** Including module: rootfs-block ***
*** Including module: terminfo ***
*** Including module: udev-rules ***
Skipping udev rule: 40-redhat-cpu-hotplug.rules
Skipping udev rule: 91-permissions.rules
*** Including module: biosdevname ***
*** Including module: systemd ***
*** Including module: usrmount ***
*** Including module: base ***
*** Including module: fs-lib ***
*** Including module: shutdown ***
*** Including modules done ***
*** Installing kernel module dependencies and firmware ***
*** Installing kernel module dependencies and firmware done ***
*** Resolving executable dependencies ***
*** Resolving executable dependencies done***
*** Hardlinking files ***
*** Hardlinking files done ***
*** Stripping files ***
*** Stripping files done ***
*** Generating early-microcode cpio image contents ***
*** No early-microcode cpio image needed ***
*** Store current command line parameters ***
*** Creating image file ***
*** Creating image file done ***
*** Creating initramfs image file '/boot/initramfs-3.10.0-862.2.3.el7.x86_64.img' done ***
[root@lvm boot]# mkfs.ext4 /dev/vg_var/lv_var
mke2fs 1.42.9 (28-Dec-2013)
Could not stat /dev/vg_var/lv_var --- No such file or directory

The device apparently does not exist; did you specify it correctly?
[root@lvm boot]# pvcreate /dev/sdc /dev/sdd
  Physical volume "/dev/sdc" successfully created.
  Physical volume "/dev/sdd" successfully created.
[root@lvm boot]# vgcreate vg_var /dev/sdc /dev/sdd
  Volume group "vg_var" successfully created
[root@lvm boot]# lvcreate -L 950M -m1 -n lv_var vg_var
  Rounding up size to full physical extent 952.00 MiB
  Logical volume "lv_var" created.
[root@lvm boot]# lsblk 
NAME                     MAJ:MIN RM  SIZE RO TYPE MOUNTPOINT
sda                        8:0    0   40G  0 disk 
sda1                     8:1    0    1M  0 part 
sda2                     8:2    0    1G  0 part /boot
sda3                     8:3    0   39G  0 part 
  VolGroup00-LogVol01  253:1    0  1.5G  0 lvm  [SWAP]
  VolGroup00-LogVol00  253:2    0    8G  0 lvm  /
sdb                        8:16   0   10G  0 disk 
vg_root-lv_root        253:0    0   10G  0 lvm  
sdc                        8:32   0    2G  0 disk 
vg_var-lv_var_rmeta_0  253:3    0    4M  0 lvm  
 vg_var-lv_var        253:7    0  952M  0 lvm  
vg_var-lv_var_rimage_0 253:4    0  952M  0 lvm  
  vg_var-lv_var        253:7    0  952M  0 lvm  
sdd                        8:48   0    1G  0 disk 
vg_var-lv_var_rmeta_1  253:5    0    4M  0 lvm  
 vg_var-lv_var        253:7    0  952M  0 lvm  
vg_var-lv_var_rimage_1 253:6    0  952M  0 lvm  
  vg_var-lv_var        253:7    0  952M  0 lvm  
sde                        8:64   0    1G  0 disk 
[root@lvm boot]# mkfs.ext4 /dev/vg_var/lv_var
mke2fs 1.42.9 (28-Dec-2013)
Filesystem label=
OS type: Linux
Block size=4096 (log=2)
Fragment size=4096 (log=2)
Stride=0 blocks, Stripe width=0 blocks
60928 inodes, 243712 blocks
12185 blocks (5.00%) reserved for the super user
First data block=0
Maximum filesystem blocks=249561088
8 block groups
32768 blocks per group, 32768 fragments per group
7616 inodes per group
Superblock backups stored on blocks: 
32768, 98304, 163840, 229376

Allocating group tables: done                            
Writing inode tables: done                            
Creating journal (4096 blocks): done
Writing superblocks and filesystem accounting information: done

[root@lvm boot]# mount /dev/vg_var/lv_var /mnt
[root@lvm boot]# cp -aR /var/* /mnt/
[root@lvm boot]# rsync -avHPSAX /var/ /mnt/
sending incremental file list
./
.updated
            163 100%    0.00kB/s    0:00:00 (xfr#1, ir-chk=1028/1030)

sent 130,045 bytes  received 561 bytes  261,212.00 bytes/sec
total size is 116,823,664  speedup is 894.47
[root@lvm boot]# umount /mnt
[root@lvm boot]# mount /dev/vg_var/lv_var /var
[root@lvm boot]# lsblk 
NAME                     MAJ:MIN RM  SIZE RO TYPE MOUNTPOINT
sda                        8:0    0   40G  0 disk 
sda1                     8:1    0    1M  0 part 
sda2                     8:2    0    1G  0 part /boot
sda3                     8:3    0   39G  0 part 
  VolGroup00-LogVol01  253:1    0  1.5G  0 lvm  [SWAP]
  VolGroup00-LogVol00  253:2    0    8G  0 lvm  /
sdb                        8:16   0   10G  0 disk 
vg_root-lv_root        253:0    0   10G  0 lvm  
sdc                        8:32   0    2G  0 disk 
vg_var-lv_var_rmeta_0  253:3    0    4M  0 lvm  
 vg_var-lv_var        253:7    0  952M  0 lvm  /var
vg_var-lv_var_rimage_0 253:4    0  952M  0 lvm  
  vg_var-lv_var        253:7    0  952M  0 lvm  /var
sdd                        8:48   0    1G  0 disk 
vg_var-lv_var_rmeta_1  253:5    0    4M  0 lvm  
 vg_var-lv_var        253:7    0  952M  0 lvm  /var
vg_var-lv_var_rimage_1 253:6    0  952M  0 lvm  
  vg_var-lv_var        253:7    0  952M  0 lvm  /var
sde                        8:64   0    1G  0 disk 
[root@lvm boot]# echo "`blkid | grep var: | awk '{print $2}'` /var ext4 defaults 0 0" >> /etc/fstab
[root@lvm boot]# cat /etc/fstab

#
# /etc/fstab
# Created by anaconda on Sat May 12 18:50:26 2018
#
# Accessible filesystems, by reference, are maintained under '/dev/disk'
# See man pages fstab(5), findfs(8), mount(8) and/or blkid(8) for more info
#
/dev/mapper/VolGroup00-LogVol00 /                       xfs     defaults        0 0
UUID=570897ca-e759-4c81-90cf-389da6eee4cc /boot                   xfs     defaults        0 0
/dev/mapper/VolGroup00-LogVol01 swap                    swap    defaults        0 0
UUID="5e1404f9-ed22-4872-8f2c-5b19dbb8fabb" /var ext4 defaults 0 0
[root@lvm boot]# reboot
Running in chroot, ignoring request.
[root@lvm boot]# exit
exit
[root@lvm ~]# reboot
Connection to 127.0.0.1 closed by remote host.
Connection to 127.0.0.1 closed.
[admin@cnt dz3]$ vagrant ssh
Last login: Wed May 15 06:55:08 2019 from 10.0.2.2
[vagrant@lvm ~]$ lsblk 
NAME                     MAJ:MIN RM  SIZE RO TYPE MOUNTPOINT
sda                        8:0    0   40G  0 disk 
sda1                     8:1    0    1M  0 part 
sda2                     8:2    0    1G  0 part /boot
sda3                     8:3    0   39G  0 part 
  VolGroup00-LogVol00  253:0    0    8G  0 lvm  /
  VolGroup00-LogVol01  253:1    0  1.5G  0 lvm  [SWAP]
sdb                        8:16   0   10G  0 disk 
vg_root-lv_root        253:7    0   10G  0 lvm  
sdc                        8:32   0    2G  0 disk 
vg_var-lv_var_rmeta_0  253:2    0    4M  0 lvm  
 vg_var-lv_var        253:6    0  952M  0 lvm  /var
vg_var-lv_var_rimage_0 253:3    0  952M  0 lvm  
  vg_var-lv_var        253:6    0  952M  0 lvm  /var
sdd                        8:48   0    1G  0 disk 
vg_var-lv_var_rmeta_1  253:4    0    4M  0 lvm  
 vg_var-lv_var        253:6    0  952M  0 lvm  /var
vg_var-lv_var_rimage_1 253:5    0  952M  0 lvm  
  vg_var-lv_var        253:6    0  952M  0 lvm  /var
sde                        8:64   0    1G  0 disk 
[vagrant@lvm ~]$ lvremove /dev/vg_root/lv_root
  WARNING: Running as a non-root user. Functionality may be unavailable.
  /run/lvm/lvmetad.socket: access failed: Permission denied
  WARNING: Failed to connect to lvmetad. Falling back to device scanning.
  /dev/mapper/control: open failed: Permission denied
  Failure to communicate with kernel device-mapper driver.
  Incompatible libdevmapper 1.02.146-RHEL7 (2018-01-22) and kernel driver (unknown version).
  /run/lock/lvm/V_vg_root:aux: open failed: Permission denied
  Can't get lock for vg_root
  Cannot process volume group vg_root
[vagrant@lvm ~]$ sudo -i
[root@lvm ~]# lvremove /dev/vg_root/lv_root
Do you really want to remove active logical volume vg_root/lv_root? [y/n]: y
  Logical volume "lv_root" successfully removed
[root@lvm ~]# vgremove /dev/vg_root
  Volume group "vg_root" successfully removed
[root@lvm ~]# pvremove /dev/sdb
  Labels on physical volume "/dev/sdb" successfully wiped.
[root@lvm ~]# lsblk 
NAME                     MAJ:MIN RM  SIZE RO TYPE MOUNTPOINT
sda                        8:0    0   40G  0 disk 
sda1                     8:1    0    1M  0 part 
sda2                     8:2    0    1G  0 part /boot
sda3                     8:3    0   39G  0 part 
  VolGroup00-LogVol00  253:0    0    8G  0 lvm  /
  VolGroup00-LogVol01  253:1    0  1.5G  0 lvm  [SWAP]
sdb                        8:16   0   10G  0 disk 
sdc                        8:32   0    2G  0 disk 
vg_var-lv_var_rmeta_0  253:2    0    4M  0 lvm  
 vg_var-lv_var        253:6    0  952M  0 lvm  /var
vg_var-lv_var_rimage_0 253:3    0  952M  0 lvm  
  vg_var-lv_var        253:6    0  952M  0 lvm  /var
sdd                        8:48   0    1G  0 disk 
vg_var-lv_var_rmeta_1  253:4    0    4M  0 lvm  
 vg_var-lv_var        253:6    0  952M  0 lvm  /var
vg_var-lv_var_rimage_1 253:5    0  952M  0 lvm  
  vg_var-lv_var        253:6    0  952M  0 lvm  /var
sde                        8:64   0    1G  0 disk 
[root@lvm ~]# lvcreate -n LogVol_Home -L 2G /dev/VolGroup00
  Logical volume "LogVol_Home" created.
[root@lvm ~]# lsblk 
NAME                       MAJ:MIN RM  SIZE RO TYPE MOUNTPOINT
sda                          8:0    0   40G  0 disk 
sda1                       8:1    0    1M  0 part 
sda2                       8:2    0    1G  0 part /boot
sda3                       8:3    0   39G  0 part 
  VolGroup00-LogVol00    253:0    0    8G  0 lvm  /
  VolGroup00-LogVol01    253:1    0  1.5G  0 lvm  [SWAP]
  VolGroup00-LogVol_Home 253:7    0    2G  0 lvm  
sdb                          8:16   0   10G  0 disk 
sdc                          8:32   0    2G  0 disk 
vg_var-lv_var_rmeta_0    253:2    0    4M  0 lvm  
 vg_var-lv_var          253:6    0  952M  0 lvm  /var
vg_var-lv_var_rimage_0   253:3    0  952M  0 lvm  
  vg_var-lv_var          253:6    0  952M  0 lvm  /var
sdd                          8:48   0    1G  0 disk 
vg_var-lv_var_rmeta_1    253:4    0    4M  0 lvm  
 vg_var-lv_var          253:6    0  952M  0 lvm  /var
vg_var-lv_var_rimage_1   253:5    0  952M  0 lvm  
  vg_var-lv_var          253:6    0  952M  0 lvm  /var
sde                          8:64   0    1G  0 disk 
[root@lvm ~]# mkfs.xfs /dev/VolGroup00/LogVol_Home
meta-data=/dev/VolGroup00/LogVol_Home isize=512    agcount=4, agsize=131072 blks
         =                       sectsz=512   attr=2, projid32bit=1
         =                       crc=1        finobt=0, sparse=0
data     =                       bsize=4096   blocks=524288, imaxpct=25
         =                       sunit=0      swidth=0 blks
naming   =version 2              bsize=4096   ascii-ci=0 ftype=1
log      =internal log           bsize=4096   blocks=2560, version=2
         =                       sectsz=512   sunit=0 blks, lazy-count=1
realtime =none                   extsz=4096   blocks=0, rtextents=0
[root@lvm ~]# mount /dev/VolGroup00/LogVol_Home /mnt/
[root@lvm ~]# cp -aR /home/* /mnt/   
[root@lvm ~]# rm -rf /home/*
[root@lvm ~]# umount /mnt
[root@lvm ~]# mount /dev/VolGroup00/LogVol_Home /home/
[root@lvm ~]# lsblk 
NAME                       MAJ:MIN RM  SIZE RO TYPE MOUNTPOINT
sda                          8:0    0   40G  0 disk 
sda1                       8:1    0    1M  0 part 
sda2                       8:2    0    1G  0 part /boot
sda3                       8:3    0   39G  0 part 
  VolGroup00-LogVol00    253:0    0    8G  0 lvm  /
  VolGroup00-LogVol01    253:1    0  1.5G  0 lvm  [SWAP]
  VolGroup00-LogVol_Home 253:7    0    2G  0 lvm  /home
sdb                          8:16   0   10G  0 disk 
sdc                          8:32   0    2G  0 disk 
vg_var-lv_var_rmeta_0    253:2    0    4M  0 lvm  
 vg_var-lv_var          253:6    0  952M  0 lvm  /var
vg_var-lv_var_rimage_0   253:3    0  952M  0 lvm  
  vg_var-lv_var          253:6    0  952M  0 lvm  /var
sdd                          8:48   0    1G  0 disk 
vg_var-lv_var_rmeta_1    253:4    0    4M  0 lvm  
 vg_var-lv_var          253:6    0  952M  0 lvm  /var
vg_var-lv_var_rimage_1   253:5    0  952M  0 lvm  
  vg_var-lv_var          253:6    0  952M  0 lvm  /var
sde                          8:64   0    1G  0 disk 
[root@lvm ~]# echo "`blkid | grep Home | awk '{print $2}'` /home xfs defaults 0 0" >> /etc/fstab
[root@lvm ~]# cat /etc/fstab

#
# /etc/fstab
# Created by anaconda on Sat May 12 18:50:26 2018
#
# Accessible filesystems, by reference, are maintained under '/dev/disk'
# See man pages fstab(5), findfs(8), mount(8) and/or blkid(8) for more info
#
/dev/mapper/VolGroup00-LogVol00 /                       xfs     defaults        0 0
UUID=570897ca-e759-4c81-90cf-389da6eee4cc /boot                   xfs     defaults        0 0
/dev/mapper/VolGroup00-LogVol01 swap                    swap    defaults        0 0
UUID="5e1404f9-ed22-4872-8f2c-5b19dbb8fabb" /var ext4 defaults 0 0
UUID="fbd6eb55-2718-499f-8c59-aaa35623e707" /home xfs defaults 0 0
[root@lvm ~]# touch /home/file{1..20}
[root@lvm ~]# ll /home
total 0
-rw-r--r--. 1 root    root     0 May 15 07:15 file1
-rw-r--r--. 1 root    root     0 May 15 07:15 file10
-rw-r--r--. 1 root    root     0 May 15 07:15 file11
-rw-r--r--. 1 root    root     0 May 15 07:15 file12
-rw-r--r--. 1 root    root     0 May 15 07:15 file13
-rw-r--r--. 1 root    root     0 May 15 07:15 file14
-rw-r--r--. 1 root    root     0 May 15 07:15 file15
-rw-r--r--. 1 root    root     0 May 15 07:15 file16
-rw-r--r--. 1 root    root     0 May 15 07:15 file17
-rw-r--r--. 1 root    root     0 May 15 07:15 file18
-rw-r--r--. 1 root    root     0 May 15 07:15 file19
-rw-r--r--. 1 root    root     0 May 15 07:15 file2
-rw-r--r--. 1 root    root     0 May 15 07:15 file20
-rw-r--r--. 1 root    root     0 May 15 07:15 file3
-rw-r--r--. 1 root    root     0 May 15 07:15 file4
-rw-r--r--. 1 root    root     0 May 15 07:15 file5
-rw-r--r--. 1 root    root     0 May 15 07:15 file6
-rw-r--r--. 1 root    root     0 May 15 07:15 file7
-rw-r--r--. 1 root    root     0 May 15 07:15 file8
-rw-r--r--. 1 root    root     0 May 15 07:15 file9
drwx------. 3 vagrant vagrant 74 May 12  2018 vagrant
[root@lvm ~]# lvcreate -L 100MB -s -n home_snap /dev/VolGroup00/LogVol_Home
  Rounding up size to full physical extent 128.00 MiB
  Logical volume "home_snap" created.
[root@lvm ~]# lsblk 
NAME                            MAJ:MIN RM  SIZE RO TYPE MOUNTPOINT
sda                               8:0    0   40G  0 disk 
sda1                            8:1    0    1M  0 part 
sda2                            8:2    0    1G  0 part /boot
sda3                            8:3    0   39G  0 part 
  VolGroup00-LogVol00         253:0    0    8G  0 lvm  /
  VolGroup00-LogVol01         253:1    0  1.5G  0 lvm  [SWAP]
  VolGroup00-LogVol_Home-real 253:8    0    2G  0 lvm  
   VolGroup00-LogVol_Home    253:7    0    2G  0 lvm  /home
   VolGroup00-home_snap      253:10   0    2G  0 lvm  
  VolGroup00-home_snap-cow    253:9    0  128M  0 lvm  
    VolGroup00-home_snap      253:10   0    2G  0 lvm  
sdb                               8:16   0   10G  0 disk 
sdc                               8:32   0    2G  0 disk 
vg_var-lv_var_rmeta_0         253:2    0    4M  0 lvm  
 vg_var-lv_var               253:6    0  952M  0 lvm  /var
vg_var-lv_var_rimage_0        253:3    0  952M  0 lvm  
  vg_var-lv_var               253:6    0  952M  0 lvm  /var
sdd                               8:48   0    1G  0 disk 
vg_var-lv_var_rmeta_1         253:4    0    4M  0 lvm  
 vg_var-lv_var               253:6    0  952M  0 lvm  /var
vg_var-lv_var_rimage_1        253:5    0  952M  0 lvm  
  vg_var-lv_var               253:6    0  952M  0 lvm  /var
sde                               8:64   0    1G  0 disk 
[root@lvm ~]# rm -f /home/file{11..20}
[root@lvm ~]# ll /home
total 0
-rw-r--r--. 1 root    root     0 May 15 07:15 file1
-rw-r--r--. 1 root    root     0 May 15 07:15 file10
-rw-r--r--. 1 root    root     0 May 15 07:15 file2
-rw-r--r--. 1 root    root     0 May 15 07:15 file3
-rw-r--r--. 1 root    root     0 May 15 07:15 file4
-rw-r--r--. 1 root    root     0 May 15 07:15 file5
-rw-r--r--. 1 root    root     0 May 15 07:15 file6
-rw-r--r--. 1 root    root     0 May 15 07:15 file7
-rw-r--r--. 1 root    root     0 May 15 07:15 file8
-rw-r--r--. 1 root    root     0 May 15 07:15 file9
drwx------. 3 vagrant vagrant 74 May 12  2018 vagrant
[root@lvm ~]# umount /home
[root@lvm ~]# lvconvert --merge /dev/VolGroup00/home_snap
  Merging of volume VolGroup00/home_snap started.
  VolGroup00/LogVol_Home: Merged: 100.00%
[root@lvm ~]# mount /home
[root@lvm ~]# ll /home
total 0
-rw-r--r--. 1 root    root     0 May 15 07:15 file1
-rw-r--r--. 1 root    root     0 May 15 07:15 file10
-rw-r--r--. 1 root    root     0 May 15 07:15 file11
-rw-r--r--. 1 root    root     0 May 15 07:15 file12
-rw-r--r--. 1 root    root     0 May 15 07:15 file13
-rw-r--r--. 1 root    root     0 May 15 07:15 file14
-rw-r--r--. 1 root    root     0 May 15 07:15 file15
-rw-r--r--. 1 root    root     0 May 15 07:15 file16
-rw-r--r--. 1 root    root     0 May 15 07:15 file17
-rw-r--r--. 1 root    root     0 May 15 07:15 file18
-rw-r--r--. 1 root    root     0 May 15 07:15 file19
-rw-r--r--. 1 root    root     0 May 15 07:15 file2
-rw-r--r--. 1 root    root     0 May 15 07:15 file20
-rw-r--r--. 1 root    root     0 May 15 07:15 file3
-rw-r--r--. 1 root    root     0 May 15 07:15 file4
-rw-r--r--. 1 root    root     0 May 15 07:15 file5
-rw-r--r--. 1 root    root     0 May 15 07:15 file6
-rw-r--r--. 1 root    root     0 May 15 07:15 file7
-rw-r--r--. 1 root    root     0 May 15 07:15 file8
-rw-r--r--. 1 root    root     0 May 15 07:15 file9
drwx------. 3 vagrant vagrant 74 May 12  2018 vagrant
